pinafore> )
error: "<input>" (line 1, column 1):
unexpected ("<input>" (line 1, column 1),))
expecting end of input or expression
pinafore> (
error: "<input>" (line 1, column 1):
unexpected ("<input>" (line 1, column 1),()
expecting end of input or expression
pinafore> in
error: "<input>" (line 1, column 1):
unexpected ("<input>" (line 1, column 1),"in")
expecting end of input or expression
pinafore> a
error: "<input>" (line 1, column 1): undefined: a
pinafore> a
error: "<input>" (line 1, column 1): undefined: a
pinafore> let p = q
pinafore> p
error: "<input>" (line 2, column 1): undefined: q
pinafore> a
error: "<input>" (line 2, column 1): undefined: a
pinafore> p
error: "<input>" (line 2, column 1): undefined: q
pinafore> entity @X !"x"
error: "<input>" (line 1, column 1): unknown type: X
pinafore> let y = entity @Y !"y"
pinafore> 35
error: "<input>" (line 2, column 9): unknown type: Y
pinafore> <END>
