pinafore> )
<input>:1:1: unexpected: ")"; expecting: end of input, expression
pinafore> (
<input>:1:1: unexpected: "("; expecting: end of input, expression
pinafore> in
<input>:1:1: unexpected: "in"; expecting: end of input, expression
pinafore> a
<input>:2:1: undefined: a
pinafore> a
<input>:2:1: undefined: a
pinafore> let p = q
pinafore> p
<input>:3:1: undefined: q
pinafore> a
<input>:3:1: undefined: a
pinafore> p
<input>:3:1: undefined: q
pinafore> entity @X !"x"
<input>:1:1: unknown type: X
pinafore> let y = entity @Y !"y"
<input>:2:9: unknown type: Y
pinafore> 35
35
pinafore> <END>
