pinafore> :simplify+ Integer
Integer
pinafore> :simplify- Integer
Integer
pinafore> :simplify+ Integer | Literal
Literal
pinafore> :simplify- Integer & Literal
Integer
pinafore> :simplify+ Maybe Integer | Maybe Literal
Maybe Literal
pinafore> :simplify- Maybe Integer & Maybe Literal
Maybe Integer
pinafore> :simplify+ a
None
pinafore> :simplify- a
Any
pinafore> :simplify+ a -> (a | a)
a -> a
pinafore> :simplify- a -> (a & Any)
a -> a
pinafore> <END>
