pinafore> :doc length.Text
#| The length of a text.
pinafore> :doc Time
#| Absolute time as measured by UTC.
pinafore> :doc Just
#| Construct a Maybe from a value.
pinafore> import "pinafore-gnome" end
pinafore> import "pinafore-media" end
pinafore> with Cairo end
pinafore> :doc paintAlpha.Drawing
#| Paint everywhere with this alpha (within the clip)
pinafore> :doc Widget.GTK
#| A user interface widget is something that goes inside a window.
pinafore> :doc textArea.Widget.GTK
#| Text area, unknown reference will be interpreted as empty text, but the widget will not delete the reference.
pinafore> :doc notfound
! notfound undefined
pinafore> aa = 8
pinafore> :doc aa
pinafore> {#| doc 1 xx #} xx: Integer = 45
pinafore> :doc xx
#| doc 1 xx
pinafore> {#| doc 2 yy #} yy = 57
pinafore> :doc yy
#| doc 2 yy
pinafore> :doc xx
#| doc 1 xx
pinafore> {# plain comment #} zz = 12
pinafore> :doc zz
pinafore> {#| doc 3 T #} opentype T
pinafore> :doc T
#| doc 3 T
pinafore> <END>
