pinafore> entitytype P
pinafore> entitytype Q
pinafore> subtype P <: Q
pinafore> p = point.OpenEntity @P !"p"
pinafore> q = point.OpenEntity @Q !"q"
pinafore> fp : P -> Boolean = fn _ => True
pinafore> fq : Q -> Boolean = fn _ => True
pinafore> fp p
True
pinafore> fp q
<input>:1:1: no ground conversion for Q <: P
pinafore> fq p
True
pinafore> fq q
True
pinafore> <END>
