pinafore> )
<input>:1:1: unexpected: ")"; expecting: end of input, pattern, expression
pinafore> (
<input>:1:1: unexpected: "("; expecting: end of input, expression
pinafore> in
<input>:1:1: unexpected: "in"; expecting: end of input, pattern, expression
pinafore> a
<input>:2:1: undefined: a: a
pinafore> a
<input>:2:1: undefined: a: a
pinafore> let p = q
<input>:1:9: undefined: q: a
pinafore> p
<input>:2:1: undefined: p: a
pinafore> a
<input>:2:1: undefined: a: a
pinafore> p
<input>:2:1: undefined: p: a
pinafore> openEntity @X !"x"
<input>:1:13: unknown type: X
pinafore> let y = openEntity @Y !"y"
<input>:1:21: unknown type: Y
pinafore> 35
35
pinafore> x + 1
<input>:3:1: undefined: x: Integer
pinafore> x + y
<input>:3:1: undefined: x: Integer, y: Integer
pinafore> let datatype D1 +a of MkD1 b end
<input>:2:5: unbound type variables in declaration of .D1: b
pinafore> let datatype D2 +a +a of MkD2 end
<input>:2:5: duplicate type variables in declaration of .D2: a
pinafore> let datatype D3 +a -a of MkD3 end
<input>:2:5: duplicate type variables in declaration of .D3: a
pinafore> <END>
