pinafore> let opentype P
pinafore> let opentype Q
pinafore> let subtype P <: Q
pinafore> let p = openEntity @P !"p"
pinafore> let q = openEntity @Q !"q"
pinafore> with Attribute
pinafore> with Store
pinafore> store <- openDefaultStore.Env
pinafore> let pp = property @P @P !"pp" store
pinafore> let qp = property @Q @P !"qp" store
pinafore> :t pp
: Property P P
pinafore> :t pp !$ {p}
: WholeModel P
pinafore> :t pp !$ {q}
<input>:13:7: cannot convert WholeModel P -> WholeModel P+ <: WholeModel +Q -> a-
 <input>:13:7: cannot convert WholeModel +Q+ <: WholeModel P-
  <input>:13:7: cannot convert Q+ <: P-
   <input>:13:7: no ground conversion for Q <: P
pinafore> :t qp !$ {p}
: WholeModel P
pinafore> :t qp !$ {q}
: WholeModel P
pinafore> <END>
