pinafore> opentype P
pinafore> opentype Q
pinafore> subtype P <: Q
pinafore> p = point.OpenEntity @P !"p"
pinafore> q = point.OpenEntity @Q !"q"
pinafore> with Attribute end
pinafore> with Store end
pinafore> store <- openDefault.Store
pinafore> pp = property @P @P !"pp" store
pinafore> qp = property @Q @P !"qp" store
pinafore> :t pp
: Property P P
pinafore> :t pp !$ {p}
: WholeModel P
pinafore> :t pp !$ {q}
<input>:13:7: no ground conversion for Q <: P
pinafore> :t qp !$ {p}
: WholeModel P
pinafore> :t qp !$ {q}
: WholeModel P
pinafore> :t fn x => x <> x
: List a -> List a
pinafore> f = fn x => x <> x
pinafore> :t f
: List a -> List a
pinafore> :t fn x => x <>.List1 x
: List1.List a -> List1.List a
pinafore> g = fn x => x <>.List1 x
pinafore> :t g
: List1.List a -> List1.List a
pinafore> <END>
