main: init: "ABCDE"
lens: init: "BCD"
var: "ABCDE"
main: push [StringReplaceSection 3+2 "PQR"]
main: push ignored
var: "ABCDE"
main: push [StringReplaceSection 1+1 "xy"]
main: receive 0: [StringReplaceSection 1+1 "xy"]
main: receive 0: "AxyCDE"
lens: receive 0: [StringReplaceSection 0+1 "xy"]
lens: receive 0: "xyCD"
main: push succeeded -> 1
var: "AxyCDE"
main: push [StringReplaceSection 2+2 "1"]
main: receive 1: [StringReplaceSection 2+2 "1"]
main: receive 1: "Ax1DE"
lens: receive 1: [StringReplaceSection 1+2 "1"]
lens: receive 1: "x1D"
main: push succeeded -> 2
var: "Ax1DE"
