Test
main: initial: "abcdef"
main: push: replace "pqrstu"
main: push: accepted
main: push: new value: "pqrstu"
main: push: done
main: "pqrstu"
sect: initial: "rs"
sect: push: replace "12"
main: update: section 2+2 "12"
main: update: new value: "pq12tu"
sect: push: accepted
sect: push: new value: "12"
sect: push: done
sect: "12"
main: "pq12tu"
elem: initial: Just 't'
sect: push: replace "x"
main: update: section 2+2 "x"
main: update: new value: "pqxtu"
sect: push: accepted
sect: push: new value: "x"
sect: push: done
elem: Just 't'
sect: "x"
main: "pqxtu"
sect: push: replace "ABC"
main: update: section 2+1 "ABC"
main: update: new value: "pqABCtu"
sect: push: accepted
sect: push: new value: "ABC"
sect: push: done
elem: Just 't'
sect: "ABC"
main: "pqABCtu"
sect: push: replace ""
main: update: section 2+3 ""
main: update: new value: "pqtu"
sect: push: accepted
sect: push: new value: ""
sect: push: done
elem: Just 't'
sect: ""
main: "pqtu"
sect: push: replace "ZUM"
main: update: section 2+0 "ZUM"
main: update: new value: "pqZUMtu"
sect: push: accepted
sect: push: new value: "ZUM"
sect: push: done
elem: Just 't'
sect: "ZUM"
main: "pqZUMtu"
elem: push: Left Just 'Q'
main: update: item 5 'Q'
main: update: new value: "pqZUMQu"
elem: push: accepted
elem: push: new value: Just 'Q'
elem: push: done
elem: Just 'Q'
sect: "ZUM"
main: "pqZUMQu"
End
