=======
Test Drop
main: initial: "pq"
sect: initial: ""
-------
main: push: section 2+0 "ZUM"
sect: update: section 0+0 "ZUM"
sect: update: new value: "ZUM"
main: push: accepted
main: push: new value: "pqZUM"
main: push: done
sect: "ZUM"
main: "pqZUM"
-------
main: push: replace ""
sect: update: replace ""
sect: update: new value: ""
main: push: accepted
main: push: new value: ""
main: push: done
sect: ""
main: ""
-------
main: push: section 0+0 "M"
sect: update: section 0+0 "M"
sect: update: new value: "M"
main: push: accepted
main: push: new value: "M"
main: push: done
sect: "M"
main: "M"
-------
main: push: replace ""
sect: update: replace ""
sect: update: new value: ""
main: push: accepted
main: push: new value: ""
main: push: done
sect: ""
main: ""
-------
main: push: replace "K"
sect: update: replace "K"
sect: update: new value: "K"
main: push: accepted
main: push: new value: "K"
main: push: done
sect: "K"
main: "K"
=======
Test Take
main: initial: "tu"
sect: initial: ""
-------
main: push: section 0+0 "ZUM"
sect: update: section 0+0 "ZUM"
sect: update: new value: "ZUM"
main: push: accepted
main: push: new value: "ZUMtu"
main: push: done
sect: "ZUM"
main: "ZUMtu"
-------
main: push: replace ""
sect: update: replace ""
sect: update: new value: ""
main: push: accepted
main: push: new value: ""
main: push: done
sect: ""
main: ""
-------
main: push: section 0+0 "M"
sect: update: section 0+0 "M"
sect: update: new value: "M"
main: push: accepted
main: push: new value: "M"
main: push: done
sect: "M"
main: "M"
-------
main: push: replace ""
sect: update: replace ""
sect: update: new value: ""
main: push: accepted
main: push: new value: ""
main: push: done
sect: ""
main: ""
-------
main: push: replace "K"
sect: update: replace "K"
sect: update: new value: "K"
main: push: accepted
main: push: new value: "K"
main: push: done
sect: "K"
main: "K"
=======
Test Section
main: initial: "abcdef"
-------
main: push: replace "pqrstu"
main: push: accepted
main: push: new value: "pqrstu"
main: push: done
main: "pqrstu"
sect: initial: "rs"
-------
sect: push: replace "12"
main: update: section 2+2 "12"
main: update: new value: "pq12tu"
sect: push: accepted
sect: push: new value: "12"
sect: push: done
sect: "12"
main: "pq12tu"
elem: initial: Just 't'
-------
sect: push: replace "x"
main: update: section 2+2 "x"
main: update: new value: "pqxtu"
sect: push: accepted
sect: push: new value: "x"
sect: push: done
elem: Just 't'
sect: "x"
main: "pqxtu"
-------
sect: push: replace "ABC"
main: update: section 2+1 "ABC"
main: update: new value: "pqABCtu"
sect: push: accepted
sect: push: new value: "ABC"
sect: push: done
elem: Just 't'
sect: "ABC"
main: "pqABCtu"
-------
sect: push: replace ""
main: update: section 2+3 ""
main: update: new value: "pqtu"
sect: push: accepted
sect: push: new value: ""
sect: push: done
elem: Just 't'
sect: ""
main: "pqtu"
-------
sect: push: replace "ZUM"
main: update: section 2+0 "ZUM"
main: update: new value: "pqZUMtu"
sect: push: accepted
sect: push: new value: "ZUM"
sect: push: done
elem: Just 't'
sect: "ZUM"
main: "pqZUMtu"
-------
sect: push: item 1 'g'
main: update: item 3 'g'
main: update: new value: "pqZgMtu"
sect: push: accepted
sect: push: new value: "ZgM"
sect: push: done
elem: Just 't'
sect: "ZgM"
main: "pqZgMtu"
-------
elem: push: Left Just 'Q'
main: update: item 5 'Q'
main: update: new value: "pqZgMQu"
elem: push: accepted
elem: push: new value: Just 'Q'
elem: push: done
elem: Just 'Q'
sect: "ZgM"
main: "pqZgMQu"
-------
main: push: item 5 'n'
elem: update: Right 'n'
elem: update: new value: Just 'n'
main: push: accepted
main: push: new value: "pqZgMnu"
main: push: done
elem: Just 'n'
sect: "ZgM"
main: "pqZgMnu"
-------
main: push: replace "abcdefgh"
sect: update: replace "abcdefgh"
sect: update: new value: "abcdefgh"
elem: update: Left Just 'f'
elem: update: new value: Just 'f'
main: push: accepted
main: push: new value: "abcdefgh"
main: push: done
elem: Just 'f'
sect: "abcdefgh"
main: "abcdefgh"
-------
sect: push: section 1+0 "X"
main: update: section 1+0 "X"
main: update: new value: "aXbcdefgh"
sect: push: accepted
sect: push: new value: "aXbcdefgh"
sect: push: done
elem: Just 'f'
sect: "aXbcdefgh"
main: "aXbcdefgh"
-------
main: push: section 3+0 "Y"
sect: update: section 3+0 "Y"
sect: update: new value: "aXbYcdefgh"
main: push: accepted
main: push: new value: "aXbYcdefgh"
main: push: done
elem: Just 'f'
sect: "aXbYcdefgh"
main: "aXbYcdefgh"
-------
main: push: replace ""
sect: update: replace ""
sect: update: new value: ""
elem: update: Left Nothing
elem: update: new value: Nothing
main: push: accepted
main: push: new value: ""
main: push: done
elem: Nothing
sect: ""
main: ""
-------
main: push: section 0+0 "M"
sect: update: section 0+0 "M"
sect: update: new value: "M"
main: push: accepted
main: push: new value: "M"
main: push: done
elem: Nothing
sect: "M"
main: "M"
-------
main: push: replace ""
sect: update: replace ""
sect: update: new value: ""
elem: update: Left Nothing
elem: update: new value: Nothing
main: push: accepted
main: push: new value: ""
main: push: done
elem: Nothing
sect: ""
main: ""
-------
main: push: replace "K"
sect: update: replace "K"
sect: update: new value: "K"
elem: update: Left Nothing
elem: update: new value: Nothing
main: push: accepted
main: push: new value: "K"
main: push: done
elem: Nothing
sect: "K"
main: "K"
End
