Main Start
Thread Start
Main End
Thread Push 0
Thread Push 1
Thread Push 2
Thread Push 3
Thread Push 4
Thread Push 5
Thread Push 6
Thread Push 7
Thread Push 8
Thread Push 9
Thread Push 10
Thread Push 11
Thread Push 12
Thread Push 13
Thread Push 14
Thread Push 15
Thread Push 16
Thread Push 17
Thread Push 18
Thread Push 19
Thread Push 20
Thread Push 21
Thread Push 22
Thread Push 23
Thread Push 24
Thread Push 25
Thread Push 26
Thread Push 27
Thread Push 28
Thread Push 29
Thread Push 30
Thread Push 31
Thread Push 32
Thread Push 33
Thread Push 34
Thread Push 35
Thread Push 36
Thread Push 37
Thread Push 38
Thread Push 39
Thread Push 40
Thread Push 41
Thread Push 42
Thread Push 43
Thread Push 44
Thread Push 45
Thread Push 46
Thread Push 47
Thread Push 48
Thread Push 49
Thread Push 50
Thread Push 51
Thread Push 52
Thread Push 53
Thread Push 54
Thread Push 55
Thread Push 56
Thread Push 57
Thread Push 58
Thread Push 59
Thread Push 60
Thread Push 61
Thread Push 62
Thread Push 63
Thread Push 64
Thread Push 65
Thread Push 66
Thread Push 67
Thread Push 68
Thread Push 69
Thread Push 70
Thread Push 71
Thread Push 72
Thread Push 73
Thread Push 74
Thread Push 75
Thread Push 76
Thread Push 77
Thread Push 78
Thread Push 79
Thread Push 80
Thread Push 81
Thread Push 82
Thread Push 83
Thread Push 84
Thread Push 85
Thread Push 86
Thread Push 87
Thread Push 88
Thread Push 89
Thread Push 90
Thread Push 91
Thread Push 92
Thread Push 93
Thread Push 94
Thread Push 95
Thread Push 96
Thread Push 97
Thread Push 98
Thread Push 99
Thread Push 100
Thread Push 101
Thread Push 102
Thread Push 103
Thread Push 104
Thread Push 105
Thread Push 106
Thread Push 107
Thread Push 108
Thread Push 109
Thread Push 110
Thread Push 111
Thread Push 112
Thread Push 113
Thread Push 114
Thread Push 115
Thread Push 116
Thread Push 117
Thread Push 118
Thread Push 119
Thread Push 120
Thread Push 121
Thread Push 122
Thread Push 123
Thread Push 124
Thread Push 125
Thread Push 126
Thread Push 127
Thread Push 128
Thread Push 129
Thread Push 130
Thread Push 131
Thread Push 132
Thread Push 133
Thread Push 134
Thread Push 135
Thread Push 136
Thread Push 137
Thread Push 138
Thread Push 139
Thread Push 140
Thread Push 141
Thread Push 142
Thread Push 143
Thread Push 144
Thread Push 145
Thread Push 146
Thread Push 147
Thread Push 148
Thread Push 149
Thread Push 150
Thread Push 151
Thread Push 152
Thread Push 153
Thread Push 154
Thread Push 155
Thread Push 156
Thread Push 157
Thread Push 158
Thread Push 159
Thread Push 160
Thread Push 161
Thread Push 162
Thread Push 163
Thread Push 164
Thread Push 165
Thread Push 166
Thread Push 167
Thread Push 168
Thread Push 169
Thread Push 170
Thread Push 171
Thread Push 172
Thread Push 173
Thread Push 174
Thread Push 175
Thread Push 176
Thread Push 177
Thread Push 178
Thread Push 179
Thread Push 180
Thread Push 181
Thread Push 182
Thread Push 183
Thread Push 184
Thread Push 185
Thread Push 186
Thread Push 187
Thread Push 188
Thread Push 189
Thread Push 190
Thread Push 191
Thread Push 192
Thread Push 193
Thread Push 194
Thread Push 195
Thread Push 196
Thread Push 197
Thread Push 198
Thread Push 199
Thread Push 200
Thread End
