- PLAIN
<p>hello</p>

- LIVE
<p>hello</p>

- PLAIN
<h1 id="h1">H1</h1>
<p></p>

- LIVE
<h1>H1</h1>
<p></p>

- PLAIN
<p>This <em>emphasised</em> word.</p>

- LIVE
<p>This <em>emphasised</em> word.</p>

- PLAIN
<p>p q r @<code>import &quot;media&quot; ap{Mk.HTMLText &quot;34&quot;} </code> x y z</p>

- LIVE
<p>p q r 34 x y z</p>

- PLAIN
<p>p q r @<code>import &quot;media&quot; ap{Mk.HTMLText &quot;34&quot;}</code> x y z</p>

- LIVE
<p>p q r 34 x y z</p>

