main: get "ABC"
sect: get "B"
pair: get ("B","B")
var: "ABC"
main: push [section 1+0 "P"]
main: push succeeded
lens: +update: section 1+0 "P"
lens: -update: [section 0+0 "P"]
main: receive [section 1+0 "P"]
sect: receive [section 0+0 "P"]
pair: receive [tuple first section 0+0 "P"]
pair: receive [tuple second section 0+0 "P"]
var: "APBC"
main: push [section 2+0 "Q"]
main: push succeeded
lens: +update: section 2+0 "Q"
lens: -update: [section 1+0 "Q"]
main: receive [section 2+0 "Q"]
sect: receive [section 1+0 "Q"]
pair: receive [tuple first section 1+0 "Q"]
pair: receive [tuple second section 1+0 "Q"]
var: "APQBC"
sect: push [section 1+0 "x"]
lens: +put: [section 1+0 "x"]
lens: -put: Just [section 2+0 "x"]
sect: push succeeded
lens: +update: section 2+0 "x"
lens: -update: [section 1+0 "x"]
main: receive [section 2+0 "x"]
sect: receive [section 1+0 "x"]
pair: receive [tuple first section 1+0 "x"]
pair: receive [tuple second section 1+0 "x"]
var: "APxQBC"
pair: push [tuple first section 3+0 "y"]
lens: +put: [section 3+0 "y"]
lens: -put: Just [section 4+0 "y"]
pair: push succeeded
lens: +update: section 4+0 "y"
lens: -update: [section 3+0 "y"]
main: receive [section 4+0 "y"]
sect: receive [section 3+0 "y"]
pair: receive [tuple first section 3+0 "y"]
pair: receive [tuple second section 3+0 "y"]
var: "APxQyBC"
