main: init: "ABC"
lens: init: "B"
var: "ABC"
main: runObject
main: push [section 1+0 "P"]
main: push succeeded
main: receive [section 1+0 "P"]
main: receive "APBC"
lens: receive [section 0+0 "P"]
lens: receive "PB"
var: "APBC"
main: runObject
main: push [section 2+0 "Q"]
main: push succeeded
main: receive [section 2+0 "Q"]
main: receive "APQBC"
lens: receive [section 1+0 "Q"]
lens: receive "PQB"
var: "APQBC"
