main: init: "ABC"
sect: init: "B"
var: "ABC"
sect: runObject
sect: push [section 0+0 "P"]
lens: +put: [section 0+0 "P"]
lens: -put: Just [section 1+0 "P"]
sect: push succeeded
main: receive [section 1+0 "P"]
main: receive "APBC"
lens: +update: section 1+0 "P"
lens: -update: [section 0+0 "P"]
sect: receive [section 0+0 "P"]
sect: receive "PB"
var: "APBC"
sect: runObject
sect: push [section 0+0 "Q"]
lens: +put: [section 0+0 "Q"]
lens: -put: Just [section 1+0 "Q"]
sect: push succeeded
main: receive [section 1+0 "Q"]
main: receive "AQPBC"
lens: +update: section 1+0 "Q"
lens: -update: [section 0+0 "Q"]
sect: receive [section 0+0 "Q"]
sect: receive "QPB"
var: "AQPBC"
