main: init: "AB"
sect: init: "B"
var: "AB"
main: runObject
main: push [section 2+0 "PQR"]
main: push succeeded
main: receive [section 2+0 "PQR"]
main: receive "ABPQR"
lens: +update: section 2+0 "PQR"
lens: -update: [section 1+0 "PQR"]
sect: receive [section 1+0 "PQR"]
sect: receive "BPQR"
var: "ABPQR"
