main: get "ABCD"
sect: get "BC"
var: "ABCD"
main: push section 2+2 "PQR" :| []
main: push succeeded
main: receive section 2+2 "PQR" :| []
main: receive "ABPQR"
lens: +update: section 2+2 "PQR"
lens: -update: [section 1+1 "PQR"]
sect: receive section 1+1 "PQR" :| []
sect: receive "BPQR"
var: "ABPQR"
