main: init: "ABCDE"
var: "ABCDE"
main: runObject
main: push [section 3+2 "PQR"]
main: push ignored
main: push [section 2+1 ""]
main: push ignored
var: "ABCDE"
main: runObject
main: push [section 1+1 "xy"]
main: receive [section 1+1 "xy"]
main: receive "AxyCDE"
main: push succeeded
main: push [section 2+2 "1"]
main: receive [section 2+2 "1"]
main: receive "Ax1DE"
main: push succeeded
var: "Ax1DE"
