main: get "ABCDE"
var: "ABCDE"
main: push [section 3+2 "PQR"]
main: push ignored
main: push [section 2+1 ""]
main: push ignored
var: "ABCDE"
main: push [section 1+1 "xy"]
main: push succeeded
main: push [section 2+2 "1"]
main: push succeeded
main: receive [section 1+1 "xy",section 2+2 "1"]
var: "Ax1DE"
