Test
main: initial "abcdef"
Examining
pushing
main: edit: replace "pqrstu"
main: update: "pqrstu"
pushed
current: "pqrstu"
sect: initial "rs"
Examining
pushing
main: edit: lens
main: update: "pq12tu"
sect: edit: lens
sect: update: "12"
pushed
sect: "12"
main: "pq12tu"
elem: initial Just 't'
Examining
pushing
main: edit: lens
main: update: "pqxtu"
sect: edit: lens
sect: update: "x"
pushed
elem: Just 't'
sect: "x"
main: "pqxtu"
Examining
pushing
main: edit: lens
main: update: "pqABCtu"
sect: edit: lens
sect: update: "ABC"
pushed
elem: Just 't'
sect: "ABC"
main: "pqABCtu"
Examining
pushing
main: edit: lens
main: update: "pqtu"
sect: edit: lens
sect: update: ""
pushed
elem: Just 't'
sect: ""
main: "pqtu"
Examining
pushing
main: edit: lens
main: update: "pqZUMtu"
sect: edit: lens
sect: update: "ZUM"
pushed
elem: Just 't'
sect: "ZUM"
main: "pqZUMtu"
Examining
pushing
main: edit: lens
main: update: "pqZUMQu"
elem: edit: replace Just 'Q'
elem: update: Just 'Q'
pushed
elem: Just 'Q'
sect: "ZUM"
main: "pqZUMQu"
End
