Test
initINotify
somefile: initial Just success: "ABCD\n"
writing & waiting 100ms
somefile: edit: Just success: "EFGH\n"
somefile: update: Just success: "EFGH\n"
writing & waiting 100ms
somefile: edit: Just success: "IJK\n"
somefile: update: Just success: "IJK\n"
pushing Just success: "pqrstu"
pushed
waiting 10s
somefile: edit: Just success: "pqrstuyyzz\n"
somefile: update: Just success: "pqrstuyyzz\n"
somefile: edit: Just success: "xfxfx\n"
somefile: update: Just success: "xfxfx\n"
somefile: edit: Just success: "xfxfx\n"
somefile: update: Just success: "xfxfx\n"
somefile: edit: Just success: "xfxfx\npqpr\n"
somefile: update: Just success: "xfxfx\npqpr\n"
deleting
pushing Nothing
pushed
pushing Nothing
pushed
pushing Just success: "ABCdef"
pushed
pushing Nothing
pushed
End
