Test
initINotify
somefile: initial Just success: "ABCD\n"
writing & waiting 100ms
somefile: edit: replace Just success: "EFGH\n"
somefile: update: Just success: "EFGH\n"
writing & waiting 100ms
somefile: edit: replace Just success: "IJK\n"
somefile: update: Just success: "IJK\n"
pushing
somefile: edit: replace Just success: "pqrstu"
somefile: update: Just success: "pqrstu"
pushed
pushing
somefile: edit: replace Nothing
somefile: update: Nothing
pushed
pushing
somefile: edit: replace Nothing
somefile: update: Nothing
pushed
pushing
somefile: edit: replace Just success: "ABCdef"
somefile: update: Just success: "ABCdef"
pushed
pushing
somefile: edit: replace Nothing
somefile: update: Nothing
pushed
End
