main: get "PABCQ"
sect: get "ABC"
pair: get ("ABC","ABC")
var: "PABCQ"
pair: push [tuple first section 1+0 "x"]
lens: +put: [section 1+0 "x"]
lens: -put: Just [section 2+0 "x"]
pair: push succeeded
main: receive section 2+0 "x"
sect: receive section 1+0 "x"
pair: receive tuple first section 1+0 "x"
pair: receive tuple second section 1+0 "x"
var: "PAxBCQ"
pair: push [tuple second section 3+0 "y"]
lens: +put: [section 3+0 "y"]
lens: -put: Just [section 4+0 "y"]
pair: push succeeded
main: receive section 4+0 "y"
sect: receive section 3+0 "y"
pair: receive tuple first section 3+0 "y"
pair: receive tuple second section 3+0 "y"
var: "PAxByCQ"
