main: get "ABCDE"
sect: get "BCD"
var: "ABCDE"
main: push [section 3+2 "PQR"]
main: push ignored
var: "ABCDE"
main: push [section 1+1 "xy"]
main: push succeeded
main: receive section 1+1 "xy"
sect: receive section 0+1 "xy"
var: "AxyCDE"
main: push [section 2+2 "1"]
main: push succeeded
main: receive section 2+2 "1"
sect: receive section 1+2 "1"
var: "Ax1DE"
